Microchip MPLAB XC8 Compiler V2.32

Linker command line:

-W-3 --edf=C:\Program Files\Microchip\xc8\v2.32\pic\dat\en_msgs.txt -cn \
  -h+dist/default/production\ADC_Read.X.production.sym \
  --cmf=dist/default/production\ADC_Read.X.production.cmf -z -Q16F877A \
  -oC:\Users\FEDERI~1\AppData\Local\Temp\xcAs9n8.4 --defsym=__MPLAB_BUILD=1 \
  -Mdist/default/production/ADC_Read.X.production.map -E1 -ver=XC8 Compiler \
  --acfsm=1493 -ASTACK=0110h-016Fh -pstack=STACK -ACODE=00h-07FFhx4 \
  -ASTRCODE=00h-01FFFh -ASTRING=00h-0FFhx32 -ACONST=00h-0FFhx32 \
  -AENTRY=00h-0FFhx32 -ACOMMON=070h-07Fh -ABANK0=020h-06Fh \
  -ABANK1=0A0h-0EFh -ABANK2=0110h-016Fh -ABANK3=0190h-01EFh \
  -ARAM=020h-06Fh,0A0h-0EFh,0110h-016Fh,0190h-01EFh \
  -AABS1=020h-07Fh,0A0h-0EFh,0110h-016Fh,0190h-01EFh -ASFR0=00h-01Fh \
  -ASFR1=080h-09Fh -ASFR2=0100h-010Fh -ASFR3=0180h-018Fh \
  -ACONFIG=02007h-02007h -DCONFIG=2 -AIDLOC=02000h-02003h -DIDLOC=2 \
  -AEEDATA=00h-0FFh/02100h -peeprom_data=EEDATA -DEEDATA=2 -DCODE=2 \
  -DSTRCODE=2 -DSTRING=2 -DCONST=2 -DENTRY=2 \
  -preset_vec=00h,intentry,init,end_init -ppowerup=CODE -pcinit=CODE \
  -pfunctab=ENTRY -k C:\Users\FEDERI~1\AppData\Local\Temp\xcAs9n8.o \
  dist/default/production\ADC_Read.X.production.o 

Object code version is 3.11

Machine type is 16F877A



                Name                               Link     Load   Length Selector   Space Scale
C:\Users\FEDERI~1\AppData\Local\Temp\xcAs9n8.o
                end_init                              0        0        3        0       0
                config                             2007     2007        1        0       4
dist/default/production\ADC_Read.X.production.o
                cinit                               7DB      7DB       25      FB6       0
                config                             2007     2007        1        0       4
                text11                              453      453       16      8A6       0
                text10                              4D8      4D8       2D      9B0       0
                text9                               688      688       69      D10       0
                text8                               5D0      5D0       59      BA0       0
                text7                               592      592       3E      B24       0
                text6                               505      505       2D      A0A       0
                text5                               629      629       5F      C52       0
                text4                               487      487       25      90E       0
                text3                               55F      55F       33      ABE       0
                text2                               469      469       1E      8D2       0
                text1                               4AC      4AC       2C      958       0
                maintext                            6F1      6F1       EA      DE2       0
                cstackBANK0                          4D       4D       12       20       1
                cstackCOMMON                         70       70        D       70       1
                inittext                            440      440       13      880       0
                dataBANK1                            A0       A0       11       A0       1
                dataBANK0                            20       20       2D       20       1
                bssBANK0                             5F       5F        6       20       1
                idataBANK1                          42F      42F       11      85E       0
                idataBANK0                          532      532       2D      A64       0

TOTAL           Name                               Link     Load   Length     Space
        CLASS   STACK          

        CLASS   CODE           
                end_init                              0        0        3         0
                cinit                               7DB      7DB       25         0
                text11                              453      453       16         0
                text10                              4D8      4D8       2D         0
                text9                               688      688       69         0
                text8                               5D0      5D0       59         0
                text7                               592      592       3E         0
                text6                               505      505       2D         0
                text5                               629      629       5F         0
                text4                               487      487       25         0
                text3                               55F      55F       33         0
                text2                               469      469       1E         0
                text1                               4AC      4AC       2C         0
                maintext                            6F1      6F1       EA         0
                inittext                            440      440       13         0
                idataBANK1                          42F      42F       11         0
                idataBANK0                          532      532       2D         0

        CLASS   STRCODE        

        CLASS   STRING         

        CLASS   CONST          

        CLASS   ENTRY          

        CLASS   COMMON         
                cstackCOMMON                         70       70        D         1

        CLASS   BANK0          
                cstackBANK0                          4D       4D       12         1
                dataBANK0                            20       20       2D         1
                bssBANK0                             5F       5F        6         1

        CLASS   BANK1          
                dataBANK1                            A0       A0       11         1

        CLASS   BANK2          

        CLASS   BANK3          

        CLASS   RAM            

        CLASS   ABS1           
                abs_s1                               7E       7E        2         1

        CLASS   SFR0           

        CLASS   SFR1           

        CLASS   SFR2           

        CLASS   SFR3           

        CLASS   CONFIG         
                config                             2007     2007        1         4

        CLASS   IDLOC          

        CLASS   EEDATA         



SEGMENTS        Name                           Load    Length   Top    Selector   Space  Class     Delta

                reset_vec                      000000  000003  000003         0       0  CODE        2
                dataBANK0                      000020  000045  000065        20       1  BANK0       1
                cstackCOMMON                   000070  00000D  00007D        70       1  COMMON      1
                dataBANK1                      0000A0  000011  0000B1        A0       1  BANK1       1
                idataBANK1                     00042F  000011  000440       85E       0  CODE        2
                inittext                       000440  000013  000453       880       0  CODE        2
                text11                         000453  000016  000469       8A6       0  CODE        2
                text2                          000469  00001E  000487       8D2       0  CODE        2
                text4                          000487  000025  0004AC       90E       0  CODE        2
                text1                          0004AC  00002C  0004D8       958       0  CODE        2
                text10                         0004D8  00002D  000505       9B0       0  CODE        2
                text6                          000505  00002D  000532       A0A       0  CODE        2
                idataBANK0                     000532  00002D  00055F       A64       0  CODE        2
                text3                          00055F  000033  000592       ABE       0  CODE        2
                text7                          000592  00003E  0005D0       B24       0  CODE        2
                text8                          0005D0  000059  000629       BA0       0  CODE        2
                text5                          000629  00005F  000688       C52       0  CODE        2
                text9                          000688  000069  0006F1       D10       0  CODE        2
                maintext                       0006F1  0000EA  0007DB       DE2       0  CODE        2
                cinit                          0007DB  000025  000800       FB6       0  CODE        2


UNUSED ADDRESS RANGES

        Name                Unused          Largest block    Delta
        BANK0            0065-006F              B           1
        BANK1            00B1-00EF             3F           1
        BANK2            0110-016F             60           1
        BANK3            0190-01EF             60           1
        CODE             0003-042E            42C           2
                         0800-1FFF            800
        COMMON           007D-007D              1           1
        CONST            0003-042E            100           2
                         0800-1FFF            100
        EEDATA           2100-21FF            100           2
        ENTRY            0003-042E            100           2
                         0800-1FFF            100
        IDLOC            2000-2003              4           2
        RAM              0065-006F              B           1
                         00B1-00EF             3F
                         0110-016F             60
                         0190-01EF             60
        SFR0             0000-001F             20           1
        SFR1             0080-009F             20           1
        SFR2             0100-010F             10           1
        SFR3             0180-018F             10           1
        STACK            0110-016F             60           1
        STRCODE          0003-042E            42C           2
                         0800-1FFF           1800
        STRING           0003-042E            100           2
                         0800-1FFF            100

                                  Symbol Table

?_ADC_Read               cstackCOMMON 0070
?___awdiv                cstackCOMMON 0077
?___awmod                cstackCOMMON 0070
?___wmul                 cstackCOMMON 0070
?_map                    cstackBANK0  0051
ADC_Read@channel         cstackCOMMON 0070
IntToString@value        cstackBANK0  0051
LCDData@data             cstackCOMMON 0073
LCDData@mode             cstackCOMMON 0070
LCDPosition@c            cstackCOMMON 0074
LCDPosition@r            cstackCOMMON 0075
_ADCON0                  (abs)        001F
_ADCON1                  (abs)        009F
_ADC_Init                text11       0453
_ADC_Read                text10       04D8
_ADRESH                  (abs)        001E
_ADRESL                  (abs)        009E
_IntToString             text7        0592
_LCDData                 text6        0505
_LCDInit                 text5        0629
_LCDPosition             text2        0469
_PORTB                   (abs)        0006
_PORTC                   (abs)        0007
_PORTD                   (abs)        0008
_PORTE                   (abs)        0009
_TRISA                   (abs)        0085
_TRISB                   (abs)        0086
_TRISC                   (abs)        0087
_TRISD                   (abs)        0088
_TRISE                   (abs)        0089
__Habs1                  abs1         0000
__Hbank0                 bank0        0000
__Hbank1                 bank1        0000
__Hbank2                 bank2        0000
__Hbank3                 bank3        0000
__HbssBANK0              bssBANK0     0000
__Hcinit                 cinit        0800
__Hclrtext               clrtext      0000
__Hcode                  code         0000
__Hcommon                common       0000
__Hconfig                config       2008
__HcstackBANK0           cstackBANK0  0000
__HcstackCOMMON          cstackCOMMON 0000
__HdataBANK0             dataBANK0    0000
__HdataBANK1             dataBANK1    0000
__Heeprom_data           eeprom_data  0000
__Hend_init              end_init     0003
__Hfunctab               functab      0000
__HidataBANK0            idataBANK0   0000
__HidataBANK1            idataBANK1   0000
__Hinit                  init         0000
__Hinittext              inittext     0000
__Hintentry              intentry     0000
__Hmaintext              maintext     0000
__Hpowerup               powerup      0000
__Hram                   ram          0000
__Hreset_vec             reset_vec    0000
__Hsfr0                  sfr0         0000
__Hsfr1                  sfr1         0000
__Hsfr2                  sfr2         0000
__Hsfr3                  sfr3         0000
__Hspace_0               (abs)        0800
__Hspace_1               (abs)        00B1
__Hspace_2               (abs)        0000
__Hspace_3               (abs)        0000
__Hspace_4               (abs)        400F
__Hstack                 stack        0000
__Hstrings               strings      0000
__Htext                  text         0000
__Labs1                  abs1         0000
__Lbank0                 bank0        0000
__Lbank1                 bank1        0000
__Lbank2                 bank2        0000
__Lbank3                 bank3        0000
__LbssBANK0              bssBANK0     0000
__Lcinit                 cinit        07DB
__Lclrtext               clrtext      0000
__Lcode                  code         0000
__Lcommon                common       0000
__Lconfig                config       0000
__LcstackBANK0           cstackBANK0  0000
__LcstackCOMMON          cstackCOMMON 0000
__LdataBANK0             dataBANK0    0000
__LdataBANK1             dataBANK1    0000
__Leeprom_data           eeprom_data  0000
__Lend_init              end_init     0000
__Lfunctab               functab      0000
__LidataBANK0            idataBANK0   0000
__LidataBANK1            idataBANK1   0000
__Linit                  init         0000
__Linittext              inittext     0000
__Lintentry              intentry     0000
__Lmaintext              maintext     0000
__Lpowerup               powerup      0000
__Lram                   ram          0000
__Lreset_vec             reset_vec    0000
__Lsfr0                  sfr0         0000
__Lsfr1                  sfr1         0000
__Lsfr2                  sfr2         0000
__Lsfr3                  sfr3         0000
__Lspace_0               (abs)        0000
__Lspace_1               (abs)        0000
__Lspace_2               (abs)        0000
__Lspace_3               (abs)        0000
__Lspace_4               (abs)        0000
__Lstack                 stack        0000
__Lstrings               strings      0000
__Ltext                  text         0000
__S0                     (abs)        0800
__S1                     (abs)        00B1
__S2                     (abs)        0000
__S3                     (abs)        0000
___awdiv                 text9        0688
___awdiv@counter         cstackBANK0  004D
___awdiv@dividend        cstackCOMMON 0079
___awdiv@divisor         cstackCOMMON 0077
___awdiv@quotient        cstackBANK0  004F
___awdiv@sign            cstackBANK0  004E
___awmod                 text8        05D0
___awmod@counter         cstackCOMMON 0075
___awmod@dividend        cstackCOMMON 0072
___awmod@divisor         cstackCOMMON 0070
___awmod@sign            cstackCOMMON 0076
___int_sp                stack        0000
___latbits               (abs)        0002
___sp                    stack        0000
___stackhi               (abs)        0000
___stacklo               (abs)        0000
___wmul                  text4        0487
___wmul@multiplicand     cstackCOMMON 0072
___wmul@multiplier       cstackCOMMON 0070
___wmul@product          cstackCOMMON 0074
__end_of_ADC_Init        text11       0469
__end_of_ADC_Read        text10       0505
__end_of_IntToString     text7        05D0
__end_of_LCDData         text6        0532
__end_of_LCDInit         text5        0688
__end_of_LCDPosition     text2        0487
__end_of___awdiv         text9        06F1
__end_of___awmod         text8        0629
__end_of___wmul          text4        04AC
__end_of__initialization cinit        07FC
__end_of_main            maintext     07DB
__end_of_map             text3        0592
__end_of_sendStringLCD   text1        04D8
__initialization         cinit        07DB
__pbssBANK0              bssBANK0     005F
__pcstackBANK0           cstackBANK0  004D
__pcstackCOMMON          cstackCOMMON 0070
__pdataBANK0             dataBANK0    0020
__pdataBANK1             dataBANK1    00A0
__pidataBANK0            idataBANK0   0532
__pidataBANK1            idataBANK1   042F
__pmaintext              maintext     06F1
__ptext1                 text1        04AC
__ptext10                text10       04D8
__ptext11                text11       0453
__ptext2                 text2        0469
__ptext3                 text3        055F
__ptext4                 text4        0487
__ptext5                 text5        0629
__ptext6                 text6        0505
__ptext7                 text7        0592
__ptext8                 text8        05D0
__ptext9                 text9        0688
__size_of_ADC_Init       (abs)        0000
__size_of_ADC_Read       (abs)        0000
__size_of_IntToString    (abs)        0000
__size_of_LCDData        (abs)        0000
__size_of_LCDInit        (abs)        0000
__size_of_LCDPosition    (abs)        0000
__size_of___awdiv        (abs)        0000
__size_of___awmod        (abs)        0000
__size_of___wmul         (abs)        0000
__size_of_main           (abs)        0000
__size_of_map            (abs)        0000
__size_of_sendStringLCD  (abs)        0000
_convInt                 bssBANK0     0060
_currentTemp             bssBANK0     005F
_main                    maintext     06F1
_map                     text3        055F
_sendStringLCD           text1        04AC
_stringBuisyWC           dataBANK0    003F
_stringClear             dataBANK1    00A0
_stringClosed            dataBANK0    002D
_stringFreeWC            dataBANK0    0044
_stringOpened            dataBANK0    0021
_stringTemp              dataBANK0    0039
_stringWC                dataBANK0    0049
btemp                    (abs)        007E
end_of_initialization    cinit        07FC
init_fetch0              inittext     0440
init_ram0                inittext     0444
intlevel0                functab      0000
intlevel1                functab      0000
intlevel2                functab      0000
intlevel3                functab      0000
intlevel4                functab      0000
intlevel5                functab      0000
main@adcValue            cstackBANK0  005D
map@in_max               cstackBANK0  0055
map@in_min               cstackBANK0  0053
map@out_max              cstackBANK0  0059
map@out_min              cstackBANK0  0057
map@x                    cstackBANK0  0051
reset_vec                reset_vec    0000
sendStringLCD@c          cstackCOMMON 0077
sendStringLCD@i          cstackCOMMON 0079
sendStringLCD@r          cstackCOMMON 0076
sendStringLCD@str        cstackCOMMON 007A
start                    init         0000
start_initialization     cinit        07DB
wtemp0                   (abs)        007E


MODULE INFORMATION

Module		Function		Class		Link	Load	Size
ADCMain.c
		_LCDPosition   		CODE           	0469	0000	30
		_map           		CODE           	055F	0000	51
		_main          		CODE           	06F1	0000	234
		_LCDInit       		CODE           	0629	0000	95
		_LCDData       		CODE           	0505	0000	45
		_sendStringLCD 		CODE           	04AC	0000	44
		_ADC_Read      		CODE           	04D8	0000	45
		_IntToString   		CODE           	0592	0000	62
		_ADC_Init      		CODE           	0453	0000	22

ADCMain.c estimated size: 628

C:\Program Files\Microchip\xc8\v2.32\pic\sources\c90\common\awmod.c
		___awmod       		CODE           	05D0	0000	89

C:\Program Files\Microchip\xc8\v2.32\pic\sources\c90\common\awmod.c estimated size: 89

shared
		__initialization		CODE           	07DB	0000	33

shared estimated size: 33

C:\Program Files\Microchip\xc8\v2.32\pic\sources\c90\common\awdiv.c
		___awdiv       		CODE           	0688	0000	105

C:\Program Files\Microchip\xc8\v2.32\pic\sources\c90\common\awdiv.c estimated size: 105

C:\Program Files\Microchip\xc8\v2.32\pic\sources\c90\common\Umul16.c
		___wmul        		CODE           	0487	0000	37

C:\Program Files\Microchip\xc8\v2.32\pic\sources\c90\common\Umul16.c estimated size: 37

