Microchip MPLAB XC8 Compiler V2.32

Linker command line:

-W-3 --edf=C:\Program Files\Microchip\xc8\v2.32\pic\dat\en_msgs.txt -cn \
  -h+dist/default/production\Board877ATrain.X.production.sym \
  --cmf=dist/default/production\Board877ATrain.X.production.cmf -z \
  -Q16F877A -oC:\Users\FEDERI~1\AppData\Local\Temp\xcAsfck.4 \
  --defsym=__MPLAB_BUILD=1 \
  -Mdist/default/production/Board877ATrain.X.production.map -E1 \
  -ver=XC8 Compiler --acfsm=1493 -ASTACK=0110h-016Fh -pstack=STACK \
  -ACODE=00h-07FFhx4 -ASTRCODE=00h-01FFFh -ASTRING=00h-0FFhx32 \
  -ACONST=00h-0FFhx32 -AENTRY=00h-0FFhx32 -ACOMMON=070h-07Fh \
  -ABANK0=020h-06Fh -ABANK1=0A0h-0EFh -ABANK2=0110h-016Fh \
  -ABANK3=0190h-01EFh -ARAM=020h-06Fh,0A0h-0EFh,0110h-016Fh,0190h-01EFh \
  -AABS1=020h-07Fh,0A0h-0EFh,0110h-016Fh,0190h-01EFh -ASFR0=00h-01Fh \
  -ASFR1=080h-09Fh -ASFR2=0100h-010Fh -ASFR3=0180h-018Fh \
  -ACONFIG=02007h-02007h -DCONFIG=2 -AIDLOC=02000h-02003h -DIDLOC=2 \
  -AEEDATA=00h-0FFh/02100h -peeprom_data=EEDATA -DEEDATA=2 -DCODE=2 \
  -DSTRCODE=2 -DSTRING=2 -DCONST=2 -DENTRY=2 \
  -preset_vec=00h,intentry,init,end_init -ppowerup=CODE -pcinit=CODE \
  -pfunctab=ENTRY -k C:\Users\FEDERI~1\AppData\Local\Temp\xcAsfck.o \
  dist/default/production\Board877ATrain.X.production.o 

Object code version is 3.11

Machine type is 16F877A



                Name                               Link     Load   Length Selector   Space Scale
C:\Users\FEDERI~1\AppData\Local\Temp\xcAsfck.o
                end_init                              0        0        3        0       0
                config                             2007     2007        1        0       4
dist/default/production\Board877ATrain.X.production.o
                cinit                               7F4      7F4        C      FE8       0
                config                             2007     2007        1        0       4
                text6                               649      649       2D      C92       0
                text5                               625      625        A      C4A       0
                text4                               62F      62F        C      C5E       0
                text3                               6B7      6B7       9D      D6E       0
                text2                               676      676       41      CEC       0
                text1                               63B      63B        E      C76       0
                maintext                            754      754       A0      EA8       0
                cstackBANK0                          20       20       13       20       1
                cstackCOMMON                         70       70        D       70       1
                bssBANK0                             33       33        6       20       1

TOTAL           Name                               Link     Load   Length     Space
        CLASS   STACK          

        CLASS   CODE           
                end_init                              0        0        3         0
                cinit                               7F4      7F4        C         0
                text6                               649      649       2D         0
                text5                               625      625        A         0
                text4                               62F      62F        C         0
                text3                               6B7      6B7       9D         0
                text2                               676      676       41         0
                text1                               63B      63B        E         0
                maintext                            754      754       A0         0

        CLASS   STRCODE        

        CLASS   STRING         

        CLASS   CONST          

        CLASS   ENTRY          

        CLASS   COMMON         
                cstackCOMMON                         70       70        D         1

        CLASS   BANK0          
                cstackBANK0                          20       20       13         1
                bssBANK0                             33       33        6         1

        CLASS   BANK1          

        CLASS   BANK2          

        CLASS   BANK3          

        CLASS   RAM            

        CLASS   ABS1           
                abs_s1                               7E       7E        2         1

        CLASS   SFR0           

        CLASS   SFR1           

        CLASS   SFR2           

        CLASS   SFR3           

        CLASS   CONFIG         
                config                             2007     2007        1         4

        CLASS   IDLOC          

        CLASS   EEDATA         



SEGMENTS        Name                           Load    Length   Top    Selector   Space  Class     Delta

                reset_vec                      000000  000003  000003         0       0  CODE        2
                cstackBANK0                    000020  000019  000039        20       1  BANK0       1
                cstackCOMMON                   000070  00000D  00007D        70       1  COMMON      1
                text5                          000625  00000A  00062F       C4A       0  CODE        2
                text4                          00062F  00000C  00063B       C5E       0  CODE        2
                text1                          00063B  00000E  000649       C76       0  CODE        2
                text6                          000649  00002D  000676       C92       0  CODE        2
                text2                          000676  000041  0006B7       CEC       0  CODE        2
                text3                          0006B7  00009D  000754       D6E       0  CODE        2
                maintext                       000754  0000A0  0007F4       EA8       0  CODE        2
                cinit                          0007F4  00000C  000800       FE8       0  CODE        2


UNUSED ADDRESS RANGES

        Name                Unused          Largest block    Delta
        BANK0            0039-006F             37           1
        BANK1            00A0-00EF             50           1
        BANK2            0110-016F             60           1
        BANK3            0190-01EF             60           1
        CODE             0003-0624            622           2
                         0800-1FFF            800
        COMMON           007D-007D              1           1
        CONST            0003-0624            100           2
                         0800-1FFF            100
        EEDATA           2100-21FF            100           2
        ENTRY            0003-0624            100           2
                         0800-1FFF            100
        IDLOC            2000-2003              4           2
        RAM              0039-006F             37           1
                         00A0-00EF             50
                         0110-016F             60
                         0190-01EF             60
        SFR0             0000-001F             20           1
        SFR1             0080-009F             20           1
        SFR2             0100-010F             10           1
        SFR3             0180-018F             10           1
        STACK            0110-016F             60           1
        STRCODE          0003-0624            622           2
                         0800-1FFF           1800
        STRING           0003-0624            100           2
                         0800-1FFF            100

                                  Symbol Table

?___aldiv                cstackCOMMON 0070
LCDData@data             cstackCOMMON 0073
LCDData@mode             cstackCOMMON 0070
LCDPosition@c            cstackCOMMON 0074
LCDPosition@r            cstackCOMMON 0075
_INTCON                  (abs)        000B
_LCDData                 text6        0649
_LCDPosition             text5        0625
_PIE1                    (abs)        008C
_PIR1                    (abs)        000C
_PORTA                   (abs)        0005
_PORTD                   (abs)        0008
_PORTE                   (abs)        0009
_PORTEbits               (abs)        0009
_RCSTA                   (abs)        0018
_SPBRG                   (abs)        0099
_TRISA                   (abs)        0085
_TRISB                   (abs)        0086
_TRISC                   (abs)        0087
_TRISD                   (abs)        0088
_TRISE                   (abs)        0089
_TXREG                   (abs)        0019
_TXSTA                   (abs)        0098
__Habs1                  abs1         0000
__Hbank0                 bank0        0000
__Hbank1                 bank1        0000
__Hbank2                 bank2        0000
__Hbank3                 bank3        0000
__HbssBANK0              bssBANK0     0000
__Hcinit                 cinit        0800
__Hclrtext               clrtext      0000
__Hcode                  code         0000
__Hcommon                common       0000
__Hconfig                config       2008
__HcstackBANK0           cstackBANK0  0000
__HcstackCOMMON          cstackCOMMON 0000
__Heeprom_data           eeprom_data  0000
__Hend_init              end_init     0003
__Hfunctab               functab      0000
__Hinit                  init         0000
__Hintentry              intentry     0000
__Hmaintext              maintext     0000
__Hpowerup               powerup      0000
__Hram                   ram          0000
__Hreset_vec             reset_vec    0000
__Hsfr0                  sfr0         0000
__Hsfr1                  sfr1         0000
__Hsfr2                  sfr2         0000
__Hsfr3                  sfr3         0000
__Hspace_0               (abs)        0800
__Hspace_1               (abs)        007D
__Hspace_2               (abs)        0000
__Hspace_3               (abs)        0000
__Hspace_4               (abs)        400F
__Hstack                 stack        0000
__Hstrings               strings      0000
__Htext                  text         0000
__Labs1                  abs1         0000
__Lbank0                 bank0        0000
__Lbank1                 bank1        0000
__Lbank2                 bank2        0000
__Lbank3                 bank3        0000
__LbssBANK0              bssBANK0     0000
__Lcinit                 cinit        07F4
__Lclrtext               clrtext      0000
__Lcode                  code         0000
__Lcommon                common       0000
__Lconfig                config       0000
__LcstackBANK0           cstackBANK0  0000
__LcstackCOMMON          cstackCOMMON 0000
__Leeprom_data           eeprom_data  0000
__Lend_init              end_init     0000
__Lfunctab               functab      0000
__Linit                  init         0000
__Lintentry              intentry     0000
__Lmaintext              maintext     0000
__Lpowerup               powerup      0000
__Lram                   ram          0000
__Lreset_vec             reset_vec    0000
__Lsfr0                  sfr0         0000
__Lsfr1                  sfr1         0000
__Lsfr2                  sfr2         0000
__Lsfr3                  sfr3         0000
__Lspace_0               (abs)        0000
__Lspace_1               (abs)        0000
__Lspace_2               (abs)        0000
__Lspace_3               (abs)        0000
__Lspace_4               (abs)        0000
__Lstack                 stack        0000
__Lstrings               strings      0000
__Ltext                  text         0000
__S0                     (abs)        0800
__S1                     (abs)        007D
__S2                     (abs)        0000
__S3                     (abs)        0000
___aldiv                 text3        06B7
___aldiv@counter         cstackBANK0  0020
___aldiv@dividend        cstackCOMMON 0074
___aldiv@divisor         cstackCOMMON 0070
___aldiv@quotient        cstackBANK0  0022
___aldiv@sign            cstackBANK0  0021
___int_sp                stack        0000
___latbits               (abs)        0002
___sp                    stack        0000
___stackhi               (abs)        0000
___stacklo               (abs)        0000
__end_of_LCDData         text6        0676
__end_of_LCDPosition     text5        062F
__end_of___aldiv         text3        0754
__end_of__initialization cinit        07FC
__end_of_init            text4        063B
__end_of_initSerial      text2        06B7
__end_of_main            maintext     07F4
__end_of_sendSerial      text1        0649
__initialization         cinit        07F4
__pbssBANK0              bssBANK0     0033
__pcstackBANK0           cstackBANK0  0020
__pcstackCOMMON          cstackCOMMON 0070
__pmaintext              maintext     0754
__ptext1                 text1        063B
__ptext2                 text2        0676
__ptext3                 text3        06B7
__ptext4                 text4        062F
__ptext5                 text5        0625
__ptext6                 text6        0649
__size_of_LCDData        (abs)        0000
__size_of_LCDPosition    (abs)        0000
__size_of___aldiv        (abs)        0000
__size_of_init           (abs)        0000
__size_of_initSerial     (abs)        0000
__size_of_main           (abs)        0000
__size_of_sendSerial     (abs)        0000
_convInt                 bssBANK0     0033
_init                    text4        062F
_initSerial              text2        0676
_main                    maintext     0754
_received                bssBANK0     0038
_sendSerial              text1        063B
btemp                    (abs)        007E
end_of_initialization    cinit        07FC
initSerial@baudRate      cstackBANK0  0026
intlevel0                functab      0000
intlevel1                functab      0000
intlevel2                functab      0000
intlevel3                functab      0000
intlevel4                functab      0000
intlevel5                functab      0000
main@a                   cstackBANK0  002E
main@b                   cstackBANK0  002F
main@c                   cstackBANK0  002D
main@i                   cstackBANK0  0031
main@sendDataLCD         cstackBANK0  0030
reset_vec                reset_vec    0000
sendSerial@data          cstackCOMMON 0071
start                    init         0000
start_initialization     cinit        07F4
wtemp0                   (abs)        007E


MODULE INFORMATION

Module		Function		Class		Link	Load	Size
BoardTC.c
		_init          		CODE           	062F	0000	12
		_LCDPosition   		CODE           	0625	0000	10
		_sendSerial    		CODE           	063B	0000	14
		_main          		CODE           	0754	0000	160
		_LCDData       		CODE           	0649	0000	45
		_initSerial    		CODE           	0676	0000	65

BoardTC.c estimated size: 306

shared
		__initialization		CODE           	07F4	0000	8

shared estimated size: 8

C:\Program Files\Microchip\xc8\v2.32\pic\sources\c90\common\aldiv.c
		___aldiv       		CODE           	06B7	0000	157

C:\Program Files\Microchip\xc8\v2.32\pic\sources\c90\common\aldiv.c estimated size: 157

